main.c:124:5:main	144	static
main.c:453:6:SystemClock_Config	88	static
main.c:495:13:MX_ADC1_Init	24	static
main.c:542:13:MX_SPI3_Init	8	static
main.c:578:13:MX_TIM2_Init	32	static
main.c:620:13:MX_TIM3_Init	32	static
main.c:662:13:MX_USART2_UART_Init	8	static
main.c:691:13:MX_DMA_Init	16	static
main.c:708:13:MX_GPIO_Init	48	static
main.c:759:9:UARTRecieveIT	16	static
main.c:769:6:MCP4922SetOutput	24	static
main.c:775:6:HAL_SPI_TxCpltCallback	16	static
main.c:781:6:HAL_TIM_PeriodElapsedCallback	24	static
main.c:787:17:micros	12	static
main.c:796:6:Error_Handler	4	static,ignoring_inline_asm
